I'm sorry, but errors were detected in your script. Please correct the
errors listed below, and try again.


File "game/script.rpy", line 184: end of line expected.
    extend " I'm [all_npcs[0]["name"]]."
                               ^

File "game/script.rpy", line 190: end of line expected.
    extend " I'm [all_npcs[0]["name"]]."
                               ^

Ren'Py Version: Ren'Py 8.1.3.23091805
Mon Oct 30 17:30:53 2023
